// Jest Snapshot v1, https://goo.gl/fbAQLP

exports[`Game snapshot 1`] = `
Object {
  "asFragment": [Function],
  "baseElement": <body>
    <div>
      <div
        class="game"
      >
        <div
          class="game-board"
        >
          <div>
            <div
              class="board-row"
            >
              <button
                class="square"
              />
              <button
                class="square"
              />
              <button
                class="square"
              />
            </div>
            <div
              class="board-row"
            >
              <button
                class="square"
              />
              <button
                class="square"
              />
              <button
                class="square"
              />
            </div>
            <div
              class="board-row"
            >
              <button
                class="square"
              />
              <button
                class="square"
              />
              <button
                class="square"
              />
            </div>
          </div>
        </div>
        <div
          class="game-info"
        >
          <div>
            Next player: X
          </div>
          <ol>
            <li>
              <button>
                Go to game start
              </button>
            </li>
          </ol>
        </div>
      </div>
    </div>
  </body>,
  "container": <div>
    <div
      class="game"
    >
      <div
        class="game-board"
      >
        <div>
          <div
            class="board-row"
          >
            <button
              class="square"
            />
            <button
              class="square"
            />
            <button
              class="square"
            />
          </div>
          <div
            class="board-row"
          >
            <button
              class="square"
            />
            <button
              class="square"
            />
            <button
              class="square"
            />
          </div>
          <div
            class="board-row"
          >
            <button
              class="square"
            />
            <button
              class="square"
            />
            <button
              class="square"
            />
          </div>
        </div>
      </div>
      <div
        class="game-info"
      >
        <div>
          Next player: X
        </div>
        <ol>
          <li>
            <button>
              Go to game start
            </button>
          </li>
        </ol>
      </div>
    </div>
  </div>,
  "debug": [Function],
  "findAllByAltText": [Function],
  "findAllByDisplayValue": [Function],
  "findAllByLabelText": [Function],
  "findAllByPlaceholderText": [Function],
  "findAllByRole": [Function],
  "findAllByTestId": [Function],
  "findAllByText": [Function],
  "findAllByTitle": [Function],
  "findByAltText": [Function],
  "findByDisplayValue": [Function],
  "findByLabelText": [Function],
  "findByPlaceholderText": [Function],
  "findByRole": [Function],
  "findByTestId": [Function],
  "findByText": [Function],
  "findByTitle": [Function],
  "getAllByAltText": [Function],
  "getAllByDisplayValue": [Function],
  "getAllByLabelText": [Function],
  "getAllByPlaceholderText": [Function],
  "getAllByRole": [Function],
  "getAllByTestId": [Function],
  "getAllByText": [Function],
  "getAllByTitle": [Function],
  "getByAltText": [Function],
  "getByDisplayValue": [Function],
  "getByLabelText": [Function],
  "getByPlaceholderText": [Function],
  "getByRole": [Function],
  "getByTestId": [Function],
  "getByText": [Function],
  "getByTitle": [Function],
  "queryAllByAltText": [Function],
  "queryAllByDisplayValue": [Function],
  "queryAllByLabelText": [Function],
  "queryAllByPlaceholderText": [Function],
  "queryAllByRole": [Function],
  "queryAllByTestId": [Function],
  "queryAllByText": [Function],
  "queryAllByTitle": [Function],
  "queryByAltText": [Function],
  "queryByDisplayValue": [Function],
  "queryByLabelText": [Function],
  "queryByPlaceholderText": [Function],
  "queryByRole": [Function],
  "queryByTestId": [Function],
  "queryByText": [Function],
  "queryByTitle": [Function],
  "rerender": [Function],
  "unmount": [Function],
}
`;
